// Jest Snapshot v1, https://goo.gl/fbAQLP

exports[`BDatepickerTable render correctly 1`] = `
<section class="datepicker-table">
    <header class="datepicker-header">
        <div class="datepicker-cell"><span>Su</span></div>
        <div class="datepicker-cell"><span>M</span></div>
        <div class="datepicker-cell"><span>Tu</span></div>
        <div class="datepicker-cell"><span>W</span></div>
        <div class="datepicker-cell"><span>Th</span></div>
        <div class="datepicker-cell"><span>F</span></div>
        <div class="datepicker-cell"><span>S</span></div>
    </header>
    <div class="datepicker-body"></div>
</section>
`;
