// Jest Snapshot v1, https://goo.gl/fbAQLP

exports[`BDatepickerTableRow render correctly 1`] = `
<div class="datepicker-row">
  <!--v-if--><a class="is-selectable is-invisible datepicker-cell" role="button" href="#" tabindex="-1"><span>31</span>
    <!--v-if-->
  </a><a class="is-selectable is-invisible datepicker-cell" role="button" href="#" tabindex="-1"><span>1</span>
    <!--v-if-->
  </a><a class="is-selectable is-invisible datepicker-cell" role="button" href="#" tabindex="-1"><span>2</span>
    <!--v-if-->
  </a><a class="is-selectable is-invisible datepicker-cell" role="button" href="#" tabindex="-1"><span>3</span>
    <!--v-if-->
  </a><a class="is-selectable is-invisible datepicker-cell" role="button" href="#" tabindex="-1"><span>4</span>
    <!--v-if-->
  </a><a class="is-selectable is-invisible datepicker-cell" role="button" href="#" tabindex="-1"><span>5</span>
    <!--v-if-->
  </a><a class="is-selectable is-invisible datepicker-cell" role="button" href="#" tabindex="-1"><span>6</span>
    <!--v-if-->
  </a>
</div>
`;
