// Jest Snapshot v1, https://goo.gl/fbAQLP

exports[`BModal render correctly 1`] = `
<transition-stub name="zoom-out">
    <div tabindex="-1" class="modal is-active">
        <div class="modal-background"></div>
        <div class="animation-content modal-content" style="max-width: 960px;"> <button type="button" class="modal-close is-large"></button></div>
    </div>
</transition-stub>
`;
