// Jest Snapshot v1, https://goo.gl/fbAQLP

exports[`BClockpicker render correctly 1`] = `
<div class="b-clockpicker control is-primary">
    <b-dropdown-stub maxheight="200" triggers="click" mobilemodal="true" animation="fade" trapfocus="true" closeonclick="true" canclose="true" appendtobodycopyparent="true">
        <div custom="" class="card">
            <!---->
            <div class="card-content">
                <div class="b-clockpicker-body" style="width: 266px; height: 266px;">
                    <div class="b-clockpicker-time">
                        <div class="b-clockpicker-btn active">Hours</div> <span class="b-clockpicker-btn">Min</span>
                    </div>
                    <div class="b-clockpicker-period">
                        <div class="b-clockpicker-btn active">AM</div>
                        <div class="b-clockpicker-btn">PM</div>
                    </div>
                    <b-clockpicker-face-stub pickersize="266" min="0" max="11" facenumbers="[object Object],[object Object],[object Object],[object Object],[object Object],[object Object],[object Object],[object Object],[object Object],[object Object],[object Object],[object Object]" disabledvalues="function () { [native code] }"></b-clockpicker-face-stub>
                </div>
            </div>
            <!---->
        </div>
    </b-dropdown-stub>
</div>
`;
