// Jest Snapshot v1, https://goo.gl/fbAQLP

exports[`BSliderThumb render correctly 1`] = `
<div class="b-slider-thumb-wrapper" style="left: 0%;">
  <div class="b-tooltip is-top is-medium">
    <transition-stub name="fade" appear="false" persisted="true" css="true">
      <div class="tooltip-content" style="display: none;">0</div>
    </transition-stub>
    <div class="tooltip-trigger">
      <div class="b-slider-thumb" tabindex="0">
        <!--v-if-->
      </div>
    </div>
  </div>
</div>
`;
