// Jest Snapshot v1, https://goo.gl/fbAQLP

exports[`BSlider render correctly 1`] = `
<div class="b-slider is-primary">
  <div class="b-slider-track">
    <div class="b-slider-fill" style="width: 0%; left: 0%;"></div>
    <!--v-if-->
    <b-slider-thumb-stub type="is-primary" tooltip="true" indicator="false" format="raw" tooltipalways="false" role="slider" aria-valuemin="0" aria-valuemax="100" aria-orientation="horizontal" modelvalue="0" aria-valuenow="0"></b-slider-thumb-stub>
    <!--v-if-->
  </div>
</div>
`;
