// Jest Snapshot v1, https://goo.gl/fbAQLP

exports[`BSliderThumb render correctly 1`] = `
<div class="b-slider-thumb-wrapper">
    <b-tooltip-stub active="true" type="" label="0" position="is-top" triggers="hover" size="is-medium" animated="true" animation="fade" autoclose="true">
        <div tabindex="0" class="b-slider-thumb">
            <!---->
        </div>
    </b-tooltip-stub>
</div>
`;
