// Jest Snapshot v1, https://goo.gl/fbAQLP

exports[`BDropdown render correctly 1`] = `
<div class="dropdown dropdown-menu-animation is-mobile-modal">
    <div role="button" aria-haspopup="true" class="dropdown-trigger"><button class="trigger">trigger</button></div>
    <div aria-hidden="true" class="background" style="display: none;" name="fade"></div>
    <div aria-hidden="true" class="dropdown-menu" style="display: none;" name="fade">
        <div class="dropdown-content"></div>
    </div>
</div>
`;
