// Jest Snapshot v1, https://goo.gl/fbAQLP

exports[`BNavbar render correctly 1`] = `
<nav class="navbar" role="navigation" aria-label="main navigation">
  <div class="navbar-brand"><a role="button" class="navbar-burger burger" aria-label="menu" tabindex="0"><span aria-hidden="true"></span><span aria-hidden="true"></span><span aria-hidden="true"></span></a></div>
  <div class="navbar-menu">
    <div class="navbar-start"></div>
    <div class="navbar-end"></div>
  </div>
</nav>
`;
