// Jest Snapshot v1, https://goo.gl/fbAQLP

exports[`BNotification render correctly 1`] = `
<transition-stub name="fade" appear="false" persisted="true" css="true">
  <article class="notification"><button class="delete" type="button"></button>
    <!--v-if-->
    <!--v-if-->
  </article>
</transition-stub>
`;
