// Jest Snapshot v1, https://goo.gl/fbAQLP

exports[`BAutocomplete render correctly 1`] = `
<div class="autocomplete control">
  <div class="control is-clearfix"><input class="input" type="text" autocomplete="off" aria-autocomplete="list">
    <!--v-if-->
    <!--v-if-->
    <!--v-if-->
  </div>
  <transition-stub name="fade" appear="false" persisted="true" css="true">
    <div class="dropdown-menu" style="display: none;">
      <div class="dropdown-content" style="display: none;">
        <!--v-if-->
        <!--v-if-->
        <!--v-if-->
        <!--v-if-->
      </div>
    </div>
  </transition-stub>
</div>
`;
