// Jest Snapshot v1, https://goo.gl/fbAQLP

exports[`BSteps render correctly 1`] = `
<div class="b-steps">
    <nav class="steps">
        <ul class="step-items">
            <li class="step-item is-active"><a class="step-link is-clickable">
                    <div class="step-marker">
                        <!---->
                    </div>
                    <div class="step-details"><span class="step-title"></span></div>
                </a></li>
            <li class="step-item"><a class="step-link">
                    <div class="step-marker">
                        <!---->
                    </div>
                    <div class="step-details"><span class="step-title"></span></div>
                </a></li>
        </ul>
    </nav>
    <section class="step-content">
        <div></div>
        <div></div>
    </section>
    <nav class="step-navigation"><a role="button" disabled="disabled" class="pagination-previous">
            <b-icon-stub icon="chevron-left" both="true" aria-hidden="true"></b-icon-stub>
        </a> <a role="button" class="pagination-next">
            <b-icon-stub icon="chevron-right" both="true" aria-hidden="true"></b-icon-stub>
        </a></nav>
</div>
`;
