// Jest Snapshot v1, https://goo.gl/fbAQLP

exports[`BSteps render correctly 1`] = `
<div class="b-steps">
    <nav class="steps">
        <ul class="step-items"></ul>
    </nav>
    <section class="step-content"></section>
    <nav class="step-navigation"><a role="button" href="#" disabled="disabled" class="pagination-previous">
            <bicon-stub icon="chevron-left" both="true" aria-hidden="true"></bicon-stub>
        </a> <a role="button" href="#" disabled="disabled" class="pagination-next">
            <bicon-stub icon="chevron-right" both="true" aria-hidden="true"></bicon-stub>
        </a></nav>
</div>
`;
