// Jest Snapshot v1, https://goo.gl/fbAQLP

exports[`BTabs render correctly 1`] = `
<div class="b-tabs">
  <nav class="tabs">
    <ul aria-orientation="horizontal" role="tablist">
      <li class="is-active" role="tab" aria-controls="tab1-content" aria-selected="true"><a id="tab1-label" tabindex="0">
          <!--v-if--><span></span>
        </a></li>
      <li class="" role="tab" aria-controls="tab2-content" aria-selected="false" style="display: none;"><a id="tab2-label" tabindex="-1">
          <!--v-if--><span></span>
        </a></li>
    </ul>
  </nav>
  <section class="tab-content">
    <transition-stub persisted="false" css="true">
      <div class="tab-item" role="tabpanel" id="tab1-content" aria-labelledby="tab1-label" tabindex="0"></div>
    </transition-stub>
    <transition-stub persisted="false" css="true">
      <div class="tab-item" role="tabpanel" id="tab2-content" aria-labelledby="tab2-label" tabindex="-1" style="display: none;"></div>
    </transition-stub>
  </section>
</div>
`;

exports[`BTabs still renders if there is no item 1`] = `
<div class="b-tabs">
  <nav class="tabs">
    <ul aria-orientation="horizontal" role="tablist"></ul>
  </nav>
  <section class="tab-content"></section>
</div>
`;
