// Jest Snapshot v1, https://goo.gl/fbAQLP

exports[`BTaginput render correctly 1`] = `
<div class="taginput control">
    <div class="taginput-container is-focusable">
        <b-autocomplete-stub usehtml5validation="true" value="" data="" field="value" keepfirst="true" dropdownposition="auto"><template></template> <template></template> <template></template></b-autocomplete-stub>
    </div>
    <!---->
</div>
`;
