// Jest Snapshot v1, https://goo.gl/fbAQLP

exports[`BColorpickerHSLRepresentationSquare render correctly 1`] = `
<div class="b-colorpicker-square" style="width: 200px;">
  <div class="colorpicker-square-slider-hue">
    <div role="slider" class="hue-range-thumb" tabindex="0" aria-label="Hue" aria-valuemin="0" aria-valuemax="359" style="left: 36.4px; top: 190px; width: 18px;"></div>
  </div>
  <div class="colorpicker-square-slider-sl" style="margin: 20px;" aria-datascales="lightness, saturation">
    <div role="slider" class="sl-range-thumb" tabindex="0" aria-datavalues="67%, 20%" style="left: 67%; top: 80%;"></div>
  </div>
</div>
`;
