// Jest Snapshot v1, https://goo.gl/fbAQLP

exports[`BColorpickerHSLRepresentationTriangle render correctly 1`] = `
<svg viewBox="0 0 200 200" class="b-colorpicker-triangle">
  <defs>
    <linearGradient id="cp-triangle-gradient-ligthness-0" x1="0" y1="0" x2="1" y2="0">
      <stop offset="0%" stop-color="#fff"></stop>
      <stop offset="100%" stop-color="#000"></stop>
    </linearGradient>
    <linearGradient id="cp-triangle-gradient-saturation-0" x1="0" y1="0" x2="0" y2="1">
      <stop offset="0%" stop-color="hsl(210deg, 100%, 50%)" stop-opacity="1"></stop>
      <stop offset="100%" stop-color="hsl(210deg, 100%, 50%)" stop-opacity="0"></stop>
    </linearGradient>
    <clipPath id="cp-triangle-clip-0">
      <path d="M2 100a98  98  0 1 1 196 0h-20a-78  78  0 1 0 -156 0a78  78  0 1 0 156 0h20a98  98  0 1 1 -196 0z"></path>
    </clipPath>
  </defs>
  <g class="colorpicker-triangle-slider-hue">
    <foreignObject x="0" y="0" width="200" height="200" clip-path="url(#cp-triangle-clip-0)">
      <div class="colorpicker-triangle-hue"></div>
    </foreignObject>
    <g style="transform: rotate(210deg);">
      <foreignObject x="96" y="0" width="8" height="24">
        <div class="hue-range-thumb" style="" role="slider" tabindex="0" aria-label="Hue" aria-valuemin="0" aria-valuenow="210" aria-valuemax="360"></div>
      </foreignObject>
    </g>
  </g>
  <g class="colorpicker-triangle-slider-sl" style="transform: rotate(210deg) translate(50%, 50%);" role="graphics-datagroup" aria-datascales="lightness, saturation">
    <path d="M0 -78L67.54998149484 39H-67.54998149484z" fill="url(#cp-triangle-gradient-ligthness-0)"></path>
    <path d="M0 -78L67.54998149484 39H-67.54998149484z" fill="url(#cp-triangle-gradient-saturation-0)" style="mix-blend-mode: overlay;"></path>
    <foreignObject x="34.010373654636" y="-44.885000000000005" width="12" height="12">
      <div class="sl-range-thumb" tabindex="0" aria-datavalues="67%, 20%"></div>
    </foreignObject>
  </g>
</svg>
`;
