// Jest Snapshot v1, https://goo.gl/fbAQLP

exports[`BTable render correctly 1`] = `
<div class="b-table has-mobile-cards">
    <!---->
    <!---->
    <div class="table-wrapper">
        <table class="table">
            <!---->
            <tbody>
                <tr class="is-empty">
                    <td colspan="0"></td>
                </tr>
            </tbody>
            <!---->
        </table>
    </div>
    <!---->
</div>
`;
