// Jest Snapshot v1, https://goo.gl/fbAQLP

exports[`BLoading active render correctly 1`] = `
<transition-stub name="fade">
    <div class="loading-overlay is-active is-full-page">
        <div class="loading-background"></div>
        <div class="loading-icon"></div>
    </div>
</transition-stub>
`;
